GNU Octave, version 4.4.1
Copyright (C) 2018 John W. Eaton and others.
This is free software; see the source code for copying conditions.
There is ABSOLUTELY NO WARRANTY; not even for MERCHANTABILITY or
FITNESS FOR A PARTICULAR PURPOSE.  For details, type 'warranty'.

Octave was configured for "x86_64-w64-mingw32".

Additional information about Octave is available at https://www.octave.org.

Please contribute if you find this software useful.
For more information, visit https://www.octave.org/get-involved.html

Read https://www.octave.org/bugs.html to learn how to submit bug reports.
For information about changes from previous versions, type 'news'.

octave:1> pwd
ans = C:\Users\amlan
octave:2> cd 'C:\Users\amlan\Documents\Git Repos\Machine Learning\Coursera_ML_Andrew\Octave Tutorial\5. Control & Metho
ds'
octave:3> squareThosNumber(5)
error: 'squareThosNumber' undefined near line 1 column 1
octave:3> squareThisNumber(5)
ans =  25
octave:4> X = [1 1;1 2;1 3]
X =

   1   1
   1   2
   1   3

octave:5> y =[1; 2; 3]
y =

   1
   2
   3

octave:6> theta =[0;1];
octave:7> theta
theta =

   0
   1

octave:8> j = costFunction(X, y, theta);
   1
   2
   3
octave:9> j
j = 0
octave:10> j = costFunction(X, y, theta);
   1
   2
   3
octave:11> j = costFunction(X, y, theta)
   1
   2
   3
j = 0
octave:12> X * theta
ans =

   1
   2
   3

octave:13> X
X =

   1   1
   1   2
   1   3

octave:14> theta = [0;0]
theta =

   0
   0

octave:15> j = costFunction(X, y, theta)
   0
   0
   0
j =  21
octave:16> X * theta
ans =

   0
   0
   0

octave:17> j = costFunction(X, y, theta)
   0
   0
   0
j =  21
octave:18> y
y =

   1
   2
   3

octave:19> theta
theta =

   0
   0

octave:20> j = costFunction(X, y, theta)
   0
   0
   0
j =  21
octave:21> j = costFunction(X, y, theta)
   0
   0
   0
j =  21
octave:22> j = costFunction(X, y, theta)
   0
   0
   0
j =  21
octave:23> j = costFunction(X, y, theta)
   0
   0
   0
j =  21
octave:24> j = costFunction(X, y, theta)
No. of training examples
 3
No. of predictions
   0
   0
   0
Squared Errors
sqrErrors
j =  21
octave:25> j = costFunction(X, y, theta)
No. of training examples
 3
No. of predictions
   0
   0
   0
Squared Errors
   1
   4
   9
j =  21
octave:26> j = costFunction(X, y, theta)
parse error near line 16 of file C:\Users\amlan\Documents\Git Repos\Machine Learning\Coursera_ML_Andrew\Octave Tutorial\5. Control & Methods\costFunction.m

  syntax error

>>> disp(sum(sqrErrors);
                       ^

octave:26> j = costFunction(X, y, theta)
parse error near line 16 of file C:\Users\amlan\Documents\Git Repos\Machine Learning\Coursera_ML_Andrew\Octave Tutorial\5. Control & Methods\costFunction.m

  syntax error

>>> disp(sum(sqrErrors);
                       ^

octave:26> j = costFunction(X, y, theta)
No. of training examples
 3
No. of predictions
   0
   0
   0
Squared Errors
   1
   4
   9
j =  2.3333
octave:27>